[0] = [2, 2, 1, 2, 2, 1, 2, 1, 2, 2, 1] 
[1] = [2, 1, 1, 1, 1, 1, 1, 2, 2, 2, 1] 
[2] = [2, 1, 2, 1, 1, 2, 2, 1, 2, 2, 2] 
[3] = [2, 2, 1, 2, 1, 2, 2, 2, 1, 2, 2] 
[4] = [2, 2, 2, 2, 2, 1, 2, 1, 1, 1, 1] 
[5] = [2, 1, 1, 2, 1, 2, 1, 2, 1, 1, 2] 
[6] = [2, 1, 2, 1, 2, 2, 1, 1, 1, 2, 2] 
[7] = [2, 2, 2, 1, 1, 1, 2, 2, 2, 2, 1] 
[8] = [2, 2, 2, 1, 1, 1, 2, 1, 2, 1, 2] 
[9] = [2, 1, 2, 2, 2, 2, 2, 2, 2, 1, 1] 
[10] = [2, 1, 1, 1, 1, 2, 1, 1, 2, 1, 1] 
[11] = [2, 2, 1, 1, 2, 1, 1, 2, 1, 1, 1] 
[12] = [2, 1, 1, 1, 1, 1, 2, 2, 1, 2, 1] 
[13] = [2, 1, 1, 1, 1, 2, 2, 1, 1, 2, 1] 
[14] = [2, 2, 2, 2, 1, 2, 1, 2, 1, 1, 1] 
[15] = [2, 2, 1, 1, 2, 1, 1, 1, 2, 1, 2] 
[16] = [2, 2, 2, 2, 2, 2, 1, 1, 2, 2, 2] 
[17] = [2, 2, 2, 2, 1, 1, 2, 2, 1, 2, 1] 
[18] = [2, 2, 1, 1, 1, 1, 1, 1, 2, 1, 1] 
[19] = [2, 1, 1, 2, 2, 2, 1, 2, 1, 2, 2] 
[20] = [2, 2, 1, 2, 2, 2, 1, 2, 1, 2, 1] 
[21] = [2, 2, 1, 2, 1, 1, 2, 1, 2, 2, 2] 
[22] = [2, 1, 2, 1, 2, 1, 2, 2, 1, 2, 2] 
[23] = [2, 1, 1, 1, 1, 2, 1, 1, 2, 2, 2] 
[24] = [2, 2, 2, 1, 1, 1, 1, 2, 2, 1, 2] 
[25] = [2, 2, 1, 2, 2, 1, 1, 1, 1, 1, 2] 
[26] = [2, 1, 2, 2, 2, 1, 2, 2, 2, 1, 2] 
[27] = [2, 1, 2, 1, 2, 2, 2, 1, 1, 1, 1] 
[28] = [2, 2, 2, 1, 1, 1, 1, 2, 1, 1, 2] 
[29] = [2, 1, 2, 1, 2, 1, 1, 1, 1, 2, 1] 
[30] = [2, 1, 1, 2, 1, 2, 2, 2, 1, 1, 1] 
[31] = [2, 1, 1, 2, 2, 2, 2, 1, 2, 1, 2] 
[32] = [2, 1, 2, 1, 2, 2, 2, 1, 1, 2, 2] 
[33] = [2, 2, 2, 1, 1, 1, 1, 2, 2, 1, 2] 
[34] = [2, 2, 1, 2, 2, 1, 1, 1, 2, 2, 2] 
[35] = [2, 1, 1, 1, 1, 2, 2, 2, 1, 2, 1] 
[36] = [2, 2, 1, 1, 1, 1, 2, 2, 2, 1, 2] 
[37] = [2, 2, 2, 1, 2, 1, 1, 1, 1, 1, 1] 
[38] = [2, 2, 1, 2, 1, 1, 1, 2, 1, 1, 1] 
[39] = [2, 1, 1, 2, 2, 2, 2, 1, 2, 1, 2] 
[40] = [2, 2, 1, 2, 1, 1, 2, 2, 1, 2, 1] 
[41] = [2, 2, 1, 1, 1, 1, 2, 1, 2, 2, 2] 
[42] = [2, 1, 2, 1, 1, 2, 1, 2, 2, 1, 2] 
[43] = [2, 1, 2, 2, 2, 2, 1, 1, 1, 1, 2] 
[44] = [2, 2, 2, 2, 2, 1, 2, 2, 2, 2, 2] 
[45] = [2, 2, 2, 2, 1, 1, 2, 2, 1, 2, 2] 
[46] = [2, 1, 1, 1, 2, 2, 1, 2, 1, 2, 2] 
[47] = [2, 1, 2, 1, 1, 2, 1, 1, 2, 2, 1] 
[48] = [2, 1, 2, 1, 2, 2, 1, 2, 2, 2, 1] 
[49] = [2, 1, 1, 1, 1, 2, 2, 1, 2, 2, 2] 
[50] = [2, 2, 2, 2, 2, 1, 2, 2, 2, 2, 2] 
